[avancargo.com/index.html]
[avancargo.com/bundle-styles.css]
[backblue.gif]
[fade.gif]
[index.html]
[avancargo.com/static/apple-touch-icon5cfb.png]
[avancargo.com/static/android-chrome-192x192.png]
[avancargo.com/static/favicon-32x32.png]
[avancargo.com/static/favicon-16x16.png]
[avancargo.com/static/site5cfb.webmanifest]
[avancargo.com/static/favicon5cfb.ico]
[cdn.materialdesignicons.com/2.8.94/css/materialdesignicons.min.css]
[cdnjs.cloudflare.com/ajax/libs/Swiper/4.4.2/css/swiper.min.css]
[avancargo.com/static/images/logo.png]
[avancargo.com/dador-de-carga.html]
[avancargo.com/transportista.html]
[avancargo.com/static/images/solutions/shipper/publica.png]
[avancargo.com/static/images/solutions/shipper/segui.png]
[avancargo.com/static/images/solutions/shipper/administra.png]
[avancargo.com/static/images/solutions/shipper/consegui.png]
[avancargo.com/static/images/solutions/driver/busca-cargas.png]
[avancargo.com/static/images/solutions/driver/oferta-cargas.png]
[avancargo.com/static/images/solutions/driver/administra-negocio.png]
[avancargo.com/static/images/solutions/driver/perfil-actualizado.png]
[avancargo.com/static/images/testimonio-rodrigo.jpg]
[avancargo.com/static/images/testimonio-martin.jpg]
[avancargo.com/static/images/testimonio-cristina.jpg]
[avancargo.com/static/images/play-store.png]
[avancargo.com/index.html]
[avancargo.com/bundle.js]
[avancargo.com/static/images/32ed7fb15d9becf614a0341b800460c6.jpg]
[avancargo.com/static/images/1b9aae8d42827112f5cae5d77d612479.jpg]
[avancargo.com/static/images/abc7777abeb0a0a15a14d7dfea02fc2a.jpg]
[avancargo.com/static/images/a801ad3d52a1741dbb1546d27a292619.jpg]
[avancargo.com/static/images/ff65b94d8bdaed30aff9d987c48d3152.jpg]
[avancargo.com/static/images/5c6043480091175b919728bc517a13dd.jpg]
[avancargo.com/static/images/013e8869d98a9360234f378f1362efa8.jpg]
[avancargo.com/bundle-styles.css]
[www.googletagmanager.com/gtm5445.html]
[avancargo.com/static/safari-pinned-tab5cfb.svg]
[cdn.materialdesignicons.com/2.8.94/css/materialdesignicons.min.css]
[cdnjs.cloudflare.com/ajax/libs/Swiper/4.4.2/css/swiper.min.css]
[avancargo.com/static/images/instructivo.gif]
[avancargo.com/static/images/es-mas-facil.jpg]
[avancargo.com/static/images/informacion-logistica.jpg]
[avancargo.com/static/images/mas-seguro.jpg]
[avancargo.com/dador-de-carga.html]
[avancargo.com/static/images/i-phone-6.png]
[avancargo.com/static/images/example-easy.jpg]
[avancargo.com/static/images/example-location.jpg]
[avancargo.com/static/images/example-secure.jpg]
[avancargo.com/static/images/example-benefits.jpg]
[avancargo.com/transportista.html]
[avancargo.com/static/icons/cfcc835772b91de4320f6bd4f435abc6.svg]
