[www.twill.net/index.html]
[www.google-analytics.com/analytics.js]
[backblue.gif]
[fade.gif]
[index.html]
[www.twill.net/wp-content/themes/twill/assets/images/ico-32x32.png]
[www.twill.net/wp-content/themes/twill/assets/images/ico-192x192.png]
[www.twill.net/wp-content/themes/twill/assets/images/ico-180x180.png]
[www.twill.net/wp-content/plugins/gravityforms/css/formreset.min93bd.css]
[www.twill.net/wp-content/plugins/gravityforms/css/formsmain.min93bd.css]
[www.twill.net/wp-content/plugins/gravityforms/css/readyclass.min93bd.css]
[www.twill.net/wp-content/plugins/gravityforms/css/browsers.min93bd.css]
[www.twill.net/wp-content/plugins/gravityforms-phone-extension/vendor/intl-tel-input/css/intlTelInput1.min922d.css]
[www.twill.net/wp-content/plugins/gravityforms-phone-extension/assets/css/styleed83.css]
[www.twill.net/wp-includes/css/dist/block-library/style.minbb49.css]
[www.twill.net/wp-content/plugins/sitepress-multilingual-cms/templates/language-switchers/legacy-dropdown-click/style68b3.css]
[use.typekit.net/lqw3qkobb49.css]
[www.twill.net/wp-content/themes/twill/style7d9f.css]
[www.twill.net/wp-includes/js/jquery/jquery4a5f.js]
[www.twill.net/wp-includes/js/jquery/jquery-migrate.min330a.js]
[www.twill.net/wp-content/plugins/gravityforms/js/jquery.json.min93bd.js]
[www.twill.net/wp-content/plugins/gravityforms/js/gravityforms.min93bd.js]
[www.twill.net/wp-content/plugins/gravityforms/js/jquery.textareaCounter.plugin.min93bd.js]
[www.twill.net/wp-content/plugins/gravityforms/js/placeholders.jquery.min93bd.js]
[www.twill.net/wp-content/plugins/sitepress-multilingual-cms/templates/language-switchers/legacy-dropdown-click/script68b3.js]
[www.twill.net/xmlrpc0db0.php]
[www.twill.net/wp-json/index.html]
[www.twill.net/wp-includes/wlwmanifest.xml]
[www.twill.net/wp-json/oembed/1.0/embeded95.json]
[www.twill.net/wp-json/oembed/1.0/embed575c]
[consent.cookiebot.com/uc.js]
[www.twill.net/wp-content/uploads/Desktop-CA-386-Header-Copy-1.jpg]
[www.twill.net/wp-content/uploads/Mobile-CA-386-Header-2-1.jpg]
[www.twill.net/what-is-twill/index.html]
[www.twill.net/wp-content/uploads/Twill-instant-freight-prices-and-easy-booking.png]
[www.twill.net/our-team/index.html]
[www.twill.net/wp-content/uploads/Twill-track-trace-3.jpg]
[www.twill.net/blog/index.html]
[www.twill.net/career/index.html]
[www.twill.net/wp-content/uploads/maersk-2.jpg]
[www.twill.net/wp-content/uploads/cc_team.png]
[www.twill.net/contact/index.html]
[www.twill.net/wp-content/themes/twill/assets/images/loading.svg]
[snap.licdn.com/li.lms-analytics/insight.min.js]
[www.twill.net/wp-content/plugins/gravityforms-phone-extension/vendor/intl-tel-input/js/intlTelInput-jquery.min922d.js]
[www.twill.net/wp-content/plugins/gravityforms-phone-extension/vendor/intl-tel-input/js/utils922d.js]
[www.twill.net/blog/incoterms/index.html]
[www.twill.net/blog/smes/index.html]
[www.twill.net/blog/customer-care-not-just-customer-care-team/index.html]
[www.twill.net/twill/terms-and-conditions/index.html]
[www.twill.net/wp-content/plugins/gravityforms-phone-extension/assets/js/inited83.js]
[www.twill.net/cookie-statement/index.html]
[www.twill.net/wp-content/themes/twill/assets/js/vendor/owl.carousel.min.js]
[www.twill.net/wp-content/themes/twill/assets/js/vendor/lazysizes.min.js]
[www.twill.net/wp-content/themes/twill/assets/js/vendor/ls.unveilhooks.min.js]
[www.twill.net/digital-freight-forwarding/index.html]
[www.twill.net/wp-content/themes/twill/assets/js/javascript.js]
[www.twill.net/shipping-container/index.html]
[www.twill.net/wp-includes/js/wp-embed.minbb49.js]
[www.twill.net/index.html]
[www.twill.net/xmlrpc.php]
[www.twill.net/wp-content/plugins/gravityforms/css/formreset.min93bd.css]
[www.twill.net/wp-content/plugins/gravityforms/images/gf-creditcard-icons.png]
[www.twill.net/wp-content/plugins/gravityforms/css/chosen-sprite.png]
[www.twill.net/wp-content/plugins/gravityforms/css/chosen-sprite@2x.png]
[www.twill.net/wp-content/plugins/gravityforms/css/formsmain.min93bd.css]
[www.twill.net/wp-content/plugins/gravityforms/css/readyclass.min93bd.css]
[www.twill.net/wp-content/plugins/gravityforms/css/browsers.min93bd.css]
[www.twill.net/wp-content/plugins/gravityforms-phone-extension/vendor/intl-tel-input/css/intlTelInput1.min922d.css]
[www.twill.net/wp-content/plugins/gravityforms-phone-extension/assets/css/styleed83.css]
[www.twill.net/wp-includes/css/dist/block-library/style.minbb49.css]
[www.twill.net/wp-content/plugins/sitepress-multilingual-cms/templates/language-switchers/legacy-dropdown-click/style68b3.css]
[use.typekit.net/af/949f99/00000000000000003b9b3068/27/l652f]
[use.typekit.net/af/949f99/00000000000000003b9b3068/27/d652f]
[use.typekit.net/af/949f99/00000000000000003b9b3068/27/a652f]
[use.typekit.net/af/576d53/00000000000000003b9b3066/27/l5bba]
[use.typekit.net/af/576d53/00000000000000003b9b3066/27/d5bba]
[use.typekit.net/af/576d53/00000000000000003b9b3066/27/a5bba]
[use.typekit.net/af/705e94/00000000000000003b9b3062/27/le196]
[use.typekit.net/af/705e94/00000000000000003b9b3062/27/de196]
[use.typekit.net/af/705e94/00000000000000003b9b3062/27/ae196]
[use.typekit.net/af/6e816b/00000000000000003b9b3064/27/le003]
[use.typekit.net/af/6e816b/00000000000000003b9b3064/27/de003]
[use.typekit.net/lqw3qkobb49.css]
[use.typekit.net/af/6e816b/00000000000000003b9b3064/27/ae003]
[www.twill.net/wp-content/themes/twill/assets/images/check.svg]
[www.twill.net/wp-content/themes/twill/assets/images/blue_chevrons.svg]
[www.twill.net/wp-content/themes/twill/assets/images/arrow.svg]
[www.twill.net/wp-content/themes/twill/assets/images/arrow-white.svg]
[www.twill.net/wp-content/themes/twill/assets/images/confirmation.png]
[www.twill.net/wp-content/themes/twill/assets/images/error.svg]
[www.twill.net/wp-content/themes/twill/assets/images/arrow-blue.svg]
[www.twill.net/wp-content/themes/twill/assets/images/icon-facebook.svg]
[www.twill.net/wp-content/themes/twill/assets/images/icon-linkedin.svg]
[www.twill.net/wp-content/themes/twill/assets/images/icon-twitter.svg]
[www.twill.net/wp-content/themes/twill/assets/images/twill-logo-blue-long.svg]
[www.twill.net/wp-content/themes/twill/assets/images/hamburger.svg]
[www.twill.net/wp-content/themes/twill/assets/images/close.svg]
[www.twill.net/wp-content/themes/twill/assets/images/hamburger-white.svg]
[www.twill.net/wp-content/themes/twill/style7d9f.css]
[www.twill.net/wp-includes/js/jquery/jquery4a5f.js]
[www.twill.net/wp-includes/js/jquery/jquery-migrate.min330a.js]
[www.twill.net/wp-content/plugins/gravityforms/js/jquery.json.min93bd.js]
[www.twill.net/wp-content/plugins/gravityforms/js/gravityforms.min93bd.js]
[www.twill.net/wp-content/plugins/gravityforms/js/jquery.textareaCounter.plugin.min93bd.js]
[www.twill.net/wp-content/plugins/gravityforms/js/placeholders.jquery.min93bd.js]
[www.twill.net/wp-content/plugins/sitepress-multilingual-cms/templates/language-switchers/legacy-dropdown-click/script68b3.js]
[www.twill.net/wp-content/themes/twill/assets/images/twill-logo-white-long.svg]
[www.twill.net/wp-json/oembed/1.0/embed701f.json]
[www.twill.net/wp-json/oembed/1.0/embed846b]
[www.twill.net/wp-content/uploads/icon-import.gif]
[www.twill.net/es/que-es-twill/index.html]
[www.twill.net/wp-content/uploads/icon-export.gif]
[www.twill.net/wp-content/uploads/whatstwill_image1.jpg]
[www.twill.net/wp-content/uploads/whatstwill_image2.jpg]
[www.twill.net/wp-content/uploads/maersk-01.jpg]
[www.twill.net/what-is-twill/index.html]
[www.twill.net/wp-json/oembed/1.0/embed21b2.json]
[www.twill.net/es/our-team/index.html]
[www.twill.net/wp-json/oembed/1.0/embed301e]
[www.twill.net/wp-content/uploads/twiller_1.jpg]
[www.twill.net/wp-content/uploads/twiller_2.jpg]
[www.twill.net/wp-content/uploads/twiller_3.jpg]
[www.twill.net/wp-content/uploads/twiller_4.jpg]
[www.twill.net/wp-content/uploads/Do-what-matters.png]
[www.twill.net/wp-content/uploads/Embrace-change.png]
[www.twill.net/wp-content/uploads/Work-smarter-1.png]
[www.twill.net/wp-content/uploads/Have-fun.png]
[www.twill.net/wp-content/uploads/Pursue-growth.png]
[www.twill.net/wp-content/uploads/Build-relationships.png]
[www.twill.net/our-team/index.html]
[www.twill.net/wp-json/oembed/1.0/embed8774.json]
[www.twill.net/wp-json/oembed/1.0/embed2360]
[www.twill.net/es/blog/index.html]
[www.twill.net/wp-content/uploads/Trading-with-india-350x200.png]
[www.twill.net/wp-content/uploads/diversity-350x200.jpg]
[www.twill.net/blog/blog-trading-india/index.html]
[www.twill.net/wp-content/uploads/trading-UK-350x200.png]
[www.twill.net/blog/blog-diversity-in-logistics/index.html]
[www.twill.net/blog/blog-trading-uk/index.html]
[www.twill.net/wp-content/uploads/Trading-with-China-350x200.png]
[www.twill.net/blog/blog-trading-china/index.html]
[www.twill.net/wp-content/uploads/Trading-with-the-USA-350x200.png]
[www.twill.net/wp-content/uploads/incoterms-350x200.jpg]
[www.twill.net/blog/blog-trading-usa/index.html]
[www.twill.net/wp-content/uploads/sales-article-350x200.jpg]
[www.twill.net/wp-content/uploads/Twill-SMEs-350x200.jpg]
[www.twill.net/blog/sales-person/index.html]
[www.twill.net/wp-content/uploads/Brazil-Launch-01-1200x800-350x200.jpg]
[www.twill.net/wp-content/uploads/Freight-prices-350x200.jpg]
[www.twill.net/blog/twill-launches-in-brazil/index.html]
[www.twill.net/wp-content/uploads/International-Womens-Day-a-logistics-perspective-350x200.jpg]
[www.twill.net/blog/freight-costs/index.html]
[www.twill.net/wp-content/uploads/Freight-shipping-documents-350x200.jpg]
[www.twill.net/blog/womeninlogistics/index.html]
[www.twill.net/wp-content/uploads/peak-periods-logistics-350x200.jpg]
[www.twill.net/blog/freight-documents/index.html]
[www.twill.net/wp-content/uploads/shipping-containers-350x200.jpg]
[www.twill.net/blog/peak-periods-in-logistics/index.html]
[www.twill.net/wp-content/uploads/Chinese-new-year-logistics-2019-350x200.jpg]
[www.twill.net/blog/containers/index.html]
[www.twill.net/blog/think-ahead-this-chinese-new-year/index.html]
[www.twill.net/wp-content/uploads/When-delays-strike-Twill-is-there-to-help-350x200.png]
[www.twill.net/blog/when-delays-strike-twill-is-there-to-help/index.html]
[www.twill.net/wp-content/uploads/Canada-linkedin-nologo-1200x624-350x200.jpg]
[www.twill.net/wp-content/uploads/Image-from-iOS-3-3-1200x681-350x200.jpg]
[www.twill.net/blog/twill-brings-the-new-standard-of-shipping-to-smes-in-canada/index.html]
[www.twill.net/blog/taking-twill-global/index.html]
[www.twill.net/wp-content/uploads/Press-release-2-updated-1200x793-350x200.jpg]
[www.twill.net/blog/twill-extends-service-offering/index.html]
[www.twill.net/wp-content/uploads/Twill-Maersk_Door-to-door-01-1200x627-350x200.jpg]
[www.twill.net/blog/all-door-to-door-combinations-now-available-on-twill/index.html]
[www.twill.net/wp-content/uploads/Australia-illustration-hr-1-1200x900-350x200.jpg]
[www.twill.net/blog/bringing-twill-to-australia/index.html]
[www.twill.net/wp-content/uploads/China-import-roll-out-Chinese-wall-copy-01-2-1200x800-350x200.jpg]
[www.twill.net/blog/twill-continues-global-expansion/index.html]
[www.twill.net/wp-content/uploads/DenmarkSweden-roll-out-Frederiks-Church-City-Hall-1200x800-350x200.jpg]
[www.twill.net/wp-content/uploads/Twill-Maersk03-01-1200x627-350x200.jpg]
[www.twill.net/blog/digital-freight-forwarder-twill-co-creates-with-nordics-customers/index.html]
[www.twill.net/wp-content/uploads/how-Twill-embraced-agile-350x200.jpg]
[www.twill.net/blog/twill-changes-brand-affiliation-from-damco-to-maersk/index.html]
[www.twill.net/blog/how-twill-embraced-agile/index.html]
[www.twill.net/wp-content/uploads/IMG_7594-1-1200x678-350x200.jpg]
[www.twill.net/blog/business-development-twill-a-thriving-partnership/index.html]
[www.twill.net/wp-content/uploads/DSC02593-1200x800-350x200.jpg]
[www.twill.net/blog/the-life-of-twills-head-of-people/index.html]
[www.twill.net/wp-content/uploads/twill_march2018_62-1200x800-350x200.jpg]
[www.twill.net/wp-content/uploads/twill-logistics-HR-24-1200x800-350x200.jpg]
[www.twill.net/blog/the-life-of-an-infrastructure-developer/index.html]
[www.twill.net/blog/behind-the-scenes-designing-the-twill-experience/index.html]
[www.twill.net/wp-content/uploads/Malaysia-Thailand-roll-out-Wat-Arun-Petronas-Towers-1200x800-350x200.jpg]
[www.twill.net/wp-content/uploads/France-roll-out-Eiffel-Tower-1-1200x800-350x200.jpg]
[www.twill.net/blog/digital-freight-forwarder-enters-thailand-and-malaysia/index.html]
[www.twill.net/wp-content/uploads/twill_march2018_04-1200x800-350x200.jpg]
[www.twill.net/blog/twill-cible-les-petites-et-moyennes-entreprises-en-france/index.html]
[www.twill.net/wp-content/uploads/IMG-20180601-WA00011-1200x583-350x200.jpg]
[www.twill.net/blog/twill-targets-small-and-medium-sized-customers-in-france/index.html]
[www.twill.net/wp-content/uploads/Roxy-Twill-1200x670-350x200.jpg]
[www.twill.net/blog/the-life-of-a-twill-marketer/index.html]
[www.twill.net/blog/damco-pioneers-industry-first-digital-freight-forwarding-platform/index.html]
[www.twill.net/blog/roxy-twills-chief-entertainer/index.html]
[www.twill.net/wp-content/uploads/twill_march2018_01-1200x800-350x200.jpg]
[www.twill.net/blog/twill-made-shipping-simple-for-nova-leathers/index.html]
[www.twill.net/wp-content/uploads/Webp.net-resizeimage-1200x802-350x200.jpg]
[www.twill.net/wp-content/uploads/Screen_Shot_2018-05-08_at_09.58.46-1200x802-350x200.jpg]
[www.twill.net/blog/twill-time-management-tips/index.html]
[www.twill.net/wp-content/uploads/work-with-the-best-350x200.jpg]
[www.twill.net/blog/how-twill-can-help-end-your-lengthy-email-chains/index.html]
[www.twill.net/wp-content/uploads/Screen_Shot_2018-04-24_at_11.57.57-1200x890-350x200.jpg]
[www.twill.net/blog/work-with-twill-and-you-work-with-the-best/index.html]
[www.twill.net/wp-content/uploads/Illustration-twill-one-year-1200x800-350x200.jpg]
[www.twill.net/blog/twill-tips-managing-your-time-and-workload/index.html]
[www.twill.net/blog/anniversary/index.html]
[www.twill.net/wp-content/uploads/day-in-a-life-of-sales-team-350x200.jpg]
[www.twill.net/blog/technology-anniversary/index.html]
[www.twill.net/blog/day-sale/index.html]
[www.twill.net/wp-content/uploads/New-feature-pre-book-3-1200x600-350x200.jpg]
[www.twill.net/wp-content/uploads/Benelux-rollout-Windmills-1-1200x600-350x200.jpg]
[www.twill.net/blog/pre-book/index.html]
[www.twill.net/blog/benelux-expansion/index.html]
[www.twill.net/wp-content/uploads/Screen-Shot-2018-03-27-at-12.49.37-350x200.jpg]
[www.twill.net/wp-content/uploads/US-Eastcoast-rollout-Empire-State-Building-1200x600-350x200.jpg]
[www.twill.net/blog/collaborating-customers-build-better-platform/index.html]
[www.twill.net/wp-content/uploads/Screen-Shot-2018-03-12-at-15.56.43-1200x1200-350x200.jpg]
[www.twill.net/blog/building-trust-digital-platform-driven-real-people/index.html]
[www.twill.net/blog/origin-process-ensuring-safe-passage-cargo/index.html]
[www.twill.net/blog/us-expansion/index.html]
[www.twill.net/wp-content/uploads/Screen-Shot-2018-03-08-at-09.30.06-1197x1200-350x200.jpg]
[www.twill.net/wp-content/uploads/Mexico-rollout-Bella-Artes-1200x600-350x200.jpg]
[www.twill.net/blog/women-in-logistics/index.html]
[www.twill.net/wp-content/uploads/twill-logistics-HR-3-1200x800-350x200.jpg]
[www.twill.net/blog/mexico-digital-freight-forwarding-platform/index.html]
[www.twill.net/wp-content/uploads/Screen-Shot-2018-02-27-at-09.22.56-1200x1200-350x200.jpg]
[www.twill.net/blog/distruption/index.html]
[www.twill.net/wp-content/uploads/twill-logistics-HR-21-1200x800-350x200.jpg]
[www.twill.net/blog/pick-right-carrier-cargo/index.html]
[www.twill.net/wp-content/uploads/twill-logistics-HR-8-1200x800-350x200.jpg]
[www.twill.net/blog/failure/index.html]
[www.twill.net/blog/day-life-customer-care-team-part-2/index.html]
[www.twill.net/wp-content/uploads/India-rollout-Taj-Mahal-1200x600-350x200.jpg]
[www.twill.net/wp-content/uploads/Twill_Customer_Care_day_life-350x200.jpg]
[www.twill.net/blog/twill-continues-ambitious-global-expansion-india/index.html]
[www.twill.net/blog/a-day-in-the-life-of-our-customer-care-team-part-1/index.html]
[www.twill.net/wp-content/uploads/IMG_0506-1200x800-350x200.jpg]
[www.twill.net/blog/we-dont-know-its-impossible/index.html]
[www.twill.net/wp-content/uploads/Screen-Shot-2018-01-24-at-14.20.21-1200x1200-350x200.jpg]
[www.twill.net/wp-content/uploads/guillaume-bolduc-259596-1200x868-350x200.jpg]
[www.twill.net/wp-content/uploads/Product-features-Twill-2018-1200x1200-350x200.jpg]
[www.twill.net/blog/forecasting-shipments-why-you-need-to-do-it-and-how-you-can-do-it-better/index.html]
[www.twill.net/blog/from-a-to-b-just-how-do-we-do-it/index.html]
[www.twill.net/wp-content/uploads/20180117_DAMSCO_Vincent_017_8574-1200x800-350x200.jpg]
[www.twill.net/blog/productfeatures2018/index.html]
[www.twill.net/blog/strategic-award/index.html]
[www.twill.net/wp-content/uploads/Blockchain-and-Twill-1200x1200-350x200.jpg]
[www.twill.net/wp-content/uploads/long-cargo-truck-2196355_1280-1200x648-350x200.jpg]
[www.twill.net/blog/blockchain-technology/index.html]
[www.twill.net/wp-content/uploads/tobias-a-muller-364991-1200x618-350x200.jpg]
[www.twill.net/blog/big-data/index.html]
[www.twill.net/wp-content/uploads/iStock_000001868194Large-1200x800-350x200.jpg]
[www.twill.net/blog/supplier-initiated-booking/index.html]
[www.twill.net/wp-content/uploads/C9E9B63A-A0F4-4B79-BACF-FE5FB846E746-1200x1200-350x200.jpg]
[www.twill.net/wp-content/uploads/Team_picture-1200x706-350x200.jpg]
[www.twill.net/blog/changing-the-definition/index.html]
[www.twill.net/blog/2017-well-crazy-year/index.html]
[www.twill.net/wp-content/uploads/Screen-Shot-2017-12-07-at-12.06.15-1197x1200-350x200.jpg]
[www.twill.net/wp-content/uploads/preparefor2018-350x200.jpg]
[www.twill.net/blog/4703-2/index.html]
[www.twill.net/wp-content/uploads/simplicity-350x200.jpg]
[www.twill.net/blog/3-things-need-prepared-2018-twill-can-help/index.html]
[www.twill.net/wp-content/uploads/losttrackofcontainer-350x200.jpg]
[www.twill.net/blog/lost-track-container/index.html]
[www.twill.net/wp-content/uploads/global-presence-350x200.jpg]
[www.twill.net/blog/the-difficulty-with-simplicity/index.html]
[www.twill.net/wp-content/uploads/11120160112Damco-Leadership-Conference-2017-By-Michiel-Ton-HR1001879-1024x683-350x200.jpg]
[www.twill.net/blog/local-strength-global-reach/index.html]
[www.twill.net/wp-content/uploads/image-1-1024x576-350x200.jpg]
[www.twill.net/blog/seamless-simplicity/index.html]
[www.twill.net/blog/the-winning-formula/index.html]
[www.twill.net/blog/agile-management/index.html]
[www.twill.net/wp-content/uploads/all-of-us-dancing-350x200.jpg]
[www.twill.net/blog/twill-indonesia/index.html]
[www.twill.net/wp-content/uploads/ourlittleproductsecret-350x200.jpg]
[www.twill.net/blog/our-little-product-secret/index.html]
[www.twill.net/wp-content/uploads/newfreigtforward-350x200.jpg]
[www.twill.net/blog/twill-a-new-country/index.html]
[www.twill.net/wp-content/uploads/rsz_120170907_130022-350x200.jpg]
[www.twill.net/blog/building-tech-organization/index.html]
[www.twill.net/blog/completely-twilled/index.html]
[www.twill.net/wp-content/uploads/image-350x200.jpg]
[www.twill.net/wp-content/uploads/multi-modal-2-350x200.jpg]
[www.twill.net/wp-content/uploads/ballons-twill-350x200.jpg]
[www.twill.net/blog/customer-care-startup/index.html]
[www.twill.net/blog/twill-at-multimodal/index.html]
[www.twill.net/wp-content/uploads/IMG_0592-1024x768-350x200.jpg]
[www.twill.net/blog/index.html]
[www.twill.net/blog/now-available-to-uk-customers/index.html]
[www.twill.net/wp-json/oembed/1.0/embedc373.json]
[www.twill.net/blog/every-day-is-today/index.html]
[www.twill.net/es/carrera/index.html]
[www.twill.net/wp-json/oembed/1.0/embedfd31]
[www.twill.net/career/index.html]
[www.twill.net/wp-json/oembed/1.0/embedefc9.json]
[www.twill.net/wp-json/oembed/1.0/embed6e30]
[www.twill.net/wp-content/uploads/eric-1.jpg]
[www.twill.net/wp-content/uploads/contact_mobile.jpg]
[www.twill.net/contact/index.html]
[www.twill.net/wp-content/themes/twill/assets/images/loading.svg]
[www.twill.net/wp-json/oembed/1.0/embedda5c.json]
[www.twill.net/wp-json/oembed/1.0/embed5b43]
[www.twill.net/es/blog/incoterms/index.html]
[www.twill.net/wp-content/uploads/incoterms.jpg]
[www.twill.net/wp-content/uploads/Twill-incoterms-1.jpg]
[www.twill.net/blog/incoterms/index.html]
[www.twill.net/wp-json/oembed/1.0/embed1f83.json]
[www.twill.net/es/blog/smes/index.html]
[www.twill.net/wp-json/oembed/1.0/embedcd7b]
[www.twill.net/wp-content/uploads/Twill-SMEs.jpg]
[www.twill.net/wp-content/uploads/Twill-SMEs.png]
[www.twill.net/blog/smes/index.html]
[www.twill.net/wp-json/oembed/1.0/embed7447.json]
[www.twill.net/wp-json/oembed/1.0/embed963e]
[www.twill.net/wp-content/uploads/Team_picture-1200x706.jpg]
[www.twill.net/blog/customer-care-not-just-customer-care-team/index.html]
[www.twill.net/wp-json/oembed/1.0/embed6635.json]
[www.twill.net/wp-json/oembed/1.0/embed72e0]
[www.twill.net/twill/terms-and-conditions/index.html]
[www.twill.net/wp-json/oembed/1.0/embed5c5a.json]
[www.twill.net/es/declaracion-de-cookie/index.html]
[www.twill.net/wp-json/oembed/1.0/embedad38]
[www.twill.net/cookie-statement/index.html]
[www.twill.net/wp-json/oembed/1.0/embed7d2e.json]
[www.twill.net/es/expedicion-de-carga-digital/index.html]
[www.twill.net/wp-json/oembed/1.0/embed477f]
[www.twill.net/wp-content/uploads/twill_4000px-e1555502969552.jpg]
[www.twill.net/wp-content/uploads/demo-instant.jpg]
[www.twill.net/wp-content/uploads/demo-booking.jpg]
[www.twill.net/wp-content/uploads/demo-3.jpg]
[www.twill.net/wp-content/uploads/demo-documentation.jpg]
[www.twill.net/digital-freight-forwarding/index.html]
[www.twill.net/wp-json/oembed/1.0/embede7ad.json]
[www.twill.net/wp-json/oembed/1.0/embedc577]
[www.twill.net/es/shipping-container/index.html]
[www.twill.net/wp-content/uploads/Hero-image-3.jpg]
[www.twill.net/wp-content/uploads/container-details.jpg]
[www.twill.net/wp-content/uploads/shipping_parties.gif]
[www.twill.net/wp-content/uploads/container-tracking-2.jpg]
[www.twill.net/shipping-container/index.html]
[www.twill.net/this.context.doc.referrer]
[px.ads.linkedin.com/insight_tag_errors.gif]
[snap.licdn.com/li.lms-analytics/insight.min.js]
[www.twill.net/wp-content/plugins/gravityforms-phone-extension/vendor/intl-tel-input/js/intlTelInput-jquery.min922d.js]
[www.twill.net/wp-content/plugins/gravityforms-phone-extension/vendor/intl-tel-input/js/utils922d.js]
[www.twill.net/wp-content/plugins/gravityforms-phone-extension/assets/js/inited83.js]
[www.twill.net/wp-content/themes/twill/assets/js/vendor/owl.carousel.min.js]
[www.twill.net/wp-content/themes/twill/assets/js/vendor/lazysizes.min.js]
[www.twill.net/wp-content/themes/twill/assets/js/vendor/ls.unveilhooks.min.js]
[www.twill.net/auth/api/users/signup]
[www.twill.net/wp-content/themes/twill/assets/js/javascript.js]
[www.twill.net/wp-includes/js/wp-embed.minbb49.js]
[p.typekit.net/pbdfe.css]
[www.twill.net/wp-content/themes/twill/owl.video.play.html]
[www.twill.net/wp-content/themes/twill/assets/images/check.svg]
[www.twill.net/wp-content/themes/twill/assets/images/blue_chevrons.svg]
[www.twill.net/wp-content/themes/twill/assets/images/arrow.svg]
[www.twill.net/wp-content/themes/twill/assets/images/arrow-white.svg]
[www.twill.net/wp-content/themes/twill/assets/images/error.svg]
[www.twill.net/wp-content/themes/twill/assets/images/arrow-blue.svg]
[www.twill.net/wp-content/themes/twill/assets/images/icon-facebook.svg]
[www.twill.net/wp-content/themes/twill/assets/images/icon-linkedin.svg]
[www.twill.net/wp-content/themes/twill/assets/images/icon-twitter.svg]
[www.twill.net/wp-content/themes/twill/assets/images/twill-logo-blue-long.svg]
[www.twill.net/wp-content/themes/twill/assets/images/hamburger.svg]
[www.twill.net/wp-content/themes/twill/assets/images/close.svg]
[www.twill.net/wp-content/themes/twill/assets/images/hamburger-white.svg]
[www.twill.net/wp-content/themes/twill/assets/images/twill-logo-white-long.svg]
[www.twill.net/wp-json/oembed/1.0/embed202e.json]
[www.twill.net/wp-json/oembed/1.0/embedb945]
[www.twill.net/wp-content/uploads/20170220_Terms_of_Use_for_Damco_Twill_Platform.pdf]
[www.twill.net/es/que-es-twill/index.html]
[www.twill.net/index678b.html]
[www.twill.net/wp-json/oembed/1.0/embed14c8.json]
[www.twill.net/wp-json/oembed/1.0/embed511e]
[www.twill.net/es/our-team/index.html]
[www.twill.net/indexc7e3.html]
[www.twill.net/wp-json/oembed/1.0/embed6131.json]
[www.twill.net/wp-json/oembed/1.0/embed9191]
[www.twill.net/es/blog/index.html]
[www.twill.net/indexdd23.html]
[www.twill.net/wp-json/oembed/1.0/embed1ec4.json]
[www.twill.net/es/blog/twill-se-lanza-en-brasil-para-simplificar-la-logistica/index.html]
[www.twill.net/wp-json/oembed/1.0/embed65ae]
[www.twill.net/es/blog/sales-person/index.html]
[www.twill.net/wp-content/uploads/Trading-with-india.png]
[www.twill.net/blog/blog-trading-india/index.html]
[www.twill.net/wp-json/oembed/1.0/embed364a.json]
[www.twill.net/wp-json/oembed/1.0/embedb408]
[www.twill.net/wp-content/uploads/diversity.jpg]
[www.twill.net/blog/blog-diversity-in-logistics/index.html]
[www.twill.net/wp-json/oembed/1.0/embed2401.json]
[www.twill.net/wp-json/oembed/1.0/embed90e6]
[www.twill.net/wp-content/uploads/trading-UK.png]
[www.twill.net/blog/blog-trading-uk/index.html]
[www.twill.net/wp-json/oembed/1.0/embed3dab.json]
[www.twill.net/wp-json/oembed/1.0/embeda69d]
[www.twill.net/wp-content/uploads/Trading-with-China.png]
[www.twill.net/blog/blog-trading-china/index.html]
[www.twill.net/wp-json/oembed/1.0/embedf448.json]
[www.twill.net/wp-json/oembed/1.0/embed243a]
[www.twill.net/wp-content/uploads/Trading-with-the-USA.png]
[www.twill.net/blog/blog-trading-usa/index.html]
[www.twill.net/wp-json/oembed/1.0/embedb3ca.json]
[www.twill.net/wp-json/oembed/1.0/embed87a4]
[www.twill.net/wp-content/uploads/sales-article.jpg]
[www.twill.net/blog/sales-person/index.html]
[www.twill.net/wp-json/oembed/1.0/embed6055.json]
[www.twill.net/wp-json/oembed/1.0/embed9e3d]
[www.twill.net/wp-content/uploads/Brazil-Launch-01-1200x800.jpg]
[www.twill.net/blog/twill-launches-in-brazil/index.html]
[www.twill.net/wp-json/oembed/1.0/embed40ce.json]
[www.twill.net/wp-json/oembed/1.0/embed9557]
[www.twill.net/wp-content/uploads/Freight-prices.jpg]
[www.twill.net/wp-content/uploads/pricing-web-email.png]
[www.twill.net/blog/freight-costs/index.html]
[www.twill.net/wp-json/oembed/1.0/embedd328.json]
[www.twill.net/wp-json/oembed/1.0/embed067b]
[www.twill.net/wp-content/uploads/International-Womens-Day-a-logistics-perspective.jpg]
[www.twill.net/blog/womeninlogistics/index.html]
[www.twill.net/wp-json/oembed/1.0/embed0106.json]
[www.twill.net/wp-json/oembed/1.0/embed32da]
[www.twill.net/wp-content/uploads/Freight-shipping-documents.jpg]
[www.twill.net/wp-content/uploads/Documents-email.png]
[www.twill.net/blog/freight-documents/index.html]
[www.twill.net/wp-json/oembed/1.0/embedabd6.json]
[www.twill.net/wp-json/oembed/1.0/embed1e56]
[www.twill.net/wp-content/uploads/peak-periods-logistics.jpg]
[www.twill.net/wp-content/uploads/5-peak-periods-in-logistics-to-be-aware-of.png]
[www.twill.net/blog/peak-periods-in-logistics/index.html]
[www.twill.net/wp-json/oembed/1.0/embed5a2c.json]
[www.twill.net/wp-json/oembed/1.0/embedeac9]
[www.twill.net/wp-content/uploads/shipping-containers.jpg]
[www.twill.net/blog/containers/index.html]
[www.twill.net/wp-json/oembed/1.0/embed735d.json]
[www.twill.net/wp-json/oembed/1.0/embed92b5]
[www.twill.net/wp-content/uploads/Chinese-new-year-logistics-2019.jpg]
[www.twill.net/blog/think-ahead-this-chinese-new-year/index.html]
[www.twill.net/wp-json/oembed/1.0/embedbe4a.json]
[www.twill.net/wp-json/oembed/1.0/embeda709]
[www.twill.net/wp-content/uploads/When-delays-strike-Twill-is-there-to-help.png]
[www.twill.net/blog/when-delays-strike-twill-is-there-to-help/index.html]
[www.twill.net/wp-json/oembed/1.0/embed2542.json]
[www.twill.net/wp-json/oembed/1.0/embedbceb]
[www.twill.net/wp-content/uploads/Canada-linkedin-nologo-1200x624.jpg]
[www.twill.net/blog/twill-brings-the-new-standard-of-shipping-to-smes-in-canada/index.html]
[www.twill.net/wp-json/oembed/1.0/embed34c1.json]
[www.twill.net/wp-json/oembed/1.0/embed540c]
[www.twill.net/wp-content/uploads/Image-from-iOS-3-3-1200x681.jpg]
[www.twill.net/blog/taking-twill-global/index.html]
[www.twill.net/wp-json/oembed/1.0/embed47c4.json]
[www.twill.net/wp-json/oembed/1.0/embedece8]
[www.twill.net/wp-content/uploads/Press-release-2-updated-1200x793.jpg]
[www.twill.net/blog/twill-extends-service-offering/index.html]
[www.twill.net/wp-json/oembed/1.0/embed8aad.json]
[www.twill.net/wp-json/oembed/1.0/embedd5af]
[www.twill.net/wp-content/uploads/Twill-Maersk_Door-to-door-01-1200x627.jpg]
[www.twill.net/blog/all-door-to-door-combinations-now-available-on-twill/index.html]
[www.twill.net/wp-json/oembed/1.0/embedf906.json]
[www.twill.net/wp-json/oembed/1.0/embed444e]
[www.twill.net/wp-content/uploads/Australia-illustration-hr-1-1200x900.jpg]
[www.twill.net/blog/bringing-twill-to-australia/index.html]
[www.twill.net/wp-json/oembed/1.0/embede0a6.json]
[www.twill.net/wp-json/oembed/1.0/embed487a]
[www.twill.net/wp-content/uploads/China-import-roll-out-Chinese-wall-copy-01-2-1200x800.jpg]
[www.twill.net/blog/twill-continues-global-expansion/index.html]
[www.twill.net/wp-json/oembed/1.0/embed9178.json]
[www.twill.net/wp-json/oembed/1.0/embed0d61]
[www.twill.net/wp-content/uploads/DenmarkSweden-roll-out-Frederiks-Church-City-Hall-1200x800.jpg]
[www.twill.net/blog/digital-freight-forwarder-twill-co-creates-with-nordics-customers/index.html]
[www.twill.net/wp-json/oembed/1.0/embedaf9b.json]
[www.twill.net/wp-json/oembed/1.0/embed0b5f]
[www.twill.net/wp-content/uploads/Twill-Maersk03-01-1200x627.jpg]
[www.twill.net/blog/twill-changes-brand-affiliation-from-damco-to-maersk/index.html]
[www.twill.net/wp-json/oembed/1.0/embedbdab.json]
[www.twill.net/wp-json/oembed/1.0/embeda7dd]
[www.twill.net/wp-content/uploads/how-Twill-embraced-agile.jpg]
[www.twill.net/blog/how-twill-embraced-agile/index.html]
[www.twill.net/wp-json/oembed/1.0/embed872b.json]
[www.twill.net/wp-json/oembed/1.0/embed52af]
[www.twill.net/wp-content/uploads/IMG_7594-1-1200x678.jpg]
[www.twill.net/blog/business-development-twill-a-thriving-partnership/index.html]
[www.twill.net/wp-json/oembed/1.0/embedd6a9.json]
[www.twill.net/wp-json/oembed/1.0/embed8ada]
[www.twill.net/wp-content/uploads/DSC02593-1200x800.jpg]
[www.twill.net/blog/the-life-of-twills-head-of-people/index.html]
[www.twill.net/wp-json/oembed/1.0/embed4f27.json]
[www.twill.net/wp-json/oembed/1.0/embedebe2]
[www.twill.net/wp-content/uploads/twill_march2018_62-1200x800.jpg]
[www.twill.net/blog/the-life-of-an-infrastructure-developer/index.html]
[www.twill.net/wp-json/oembed/1.0/embed8e93.json]
[www.twill.net/wp-json/oembed/1.0/embedcc77]
[www.twill.net/wp-content/uploads/twill-logistics-HR-24-1200x800.jpg]
[www.twill.net/blog/behind-the-scenes-designing-the-twill-experience/index.html]
[www.twill.net/wp-json/oembed/1.0/embed6d18.json]
[www.twill.net/wp-json/oembed/1.0/embed913f]
[www.twill.net/wp-content/uploads/Malaysia-Thailand-roll-out-Wat-Arun-Petronas-Towers-1200x800.jpg]
[www.twill.net/blog/digital-freight-forwarder-enters-thailand-and-malaysia/index.html]
[www.twill.net/wp-json/oembed/1.0/embedce58.json]
[www.twill.net/wp-json/oembed/1.0/embed8c8f]
[www.twill.net/wp-content/uploads/France-roll-out-Eiffel-Tower-1-1200x800.jpg]
[www.twill.net/blog/twill-cible-les-petites-et-moyennes-entreprises-en-france/index.html]
[www.twill.net/wp-json/oembed/1.0/embedfd8f.json]
[www.twill.net/wp-json/oembed/1.0/embed12e5]
[www.twill.net/blog/twill-targets-small-and-medium-sized-customers-in-france/index.html]
[www.twill.net/wp-json/oembed/1.0/embed2ba2.json]
[www.twill.net/wp-json/oembed/1.0/embed7a46]
[www.twill.net/wp-content/uploads/twill_march2018_04-1200x800.jpg]
[www.twill.net/blog/the-life-of-a-twill-marketer/index.html]
[www.twill.net/wp-json/oembed/1.0/embed3821.json]
[www.twill.net/wp-json/oembed/1.0/embedbc94]
[www.twill.net/wp-content/uploads/IMG-20180601-WA00011-1200x583.jpg]
[www.twill.net/blog/damco-pioneers-industry-first-digital-freight-forwarding-platform/index.html]
[www.twill.net/wp-json/oembed/1.0/embeded66.json]
[www.twill.net/wp-json/oembed/1.0/embed8ae9]
[www.twill.net/wp-content/uploads/Roxy-Twill-1200x670.jpg]
[www.twill.net/blog/roxy-twills-chief-entertainer/index.html]
[www.twill.net/wp-json/oembed/1.0/embed350b.json]
[www.twill.net/wp-json/oembed/1.0/embed8730]
[www.twill.net/wp-content/uploads/twill_march2018_01-1200x800.jpg]
[www.twill.net/blog/twill-made-shipping-simple-for-nova-leathers/index.html]
[www.twill.net/wp-json/oembed/1.0/embed385b.json]
[www.twill.net/wp-json/oembed/1.0/embed5a78]
[www.twill.net/wp-content/uploads/Webp.net-resizeimage-1200x802.jpg]
[www.twill.net/blog/twill-time-management-tips/index.html]
[www.twill.net/wp-json/oembed/1.0/embed3bfd.json]
[www.twill.net/wp-json/oembed/1.0/embeda176]
[www.twill.net/wp-content/uploads/Screen_Shot_2018-05-08_at_09.58.46-1200x802.jpg]
[www.twill.net/blog/how-twill-can-help-end-your-lengthy-email-chains/index.html]
[www.twill.net/wp-json/oembed/1.0/embedc9b4.json]
[www.twill.net/wp-json/oembed/1.0/embed3724]
[www.twill.net/wp-content/uploads/work-with-the-best.jpg]
[www.twill.net/blog/work-with-twill-and-you-work-with-the-best/index.html]
[www.twill.net/wp-json/oembed/1.0/embed316f.json]
[www.twill.net/wp-json/oembed/1.0/embeda8b7]
[www.twill.net/wp-content/uploads/Screen_Shot_2018-04-24_at_11.57.57-1200x890.jpg]
[www.twill.net/blog/twill-tips-managing-your-time-and-workload/index.html]
[www.twill.net/wp-json/oembed/1.0/embed679e.json]
[www.twill.net/wp-json/oembed/1.0/embed7d29]
[www.twill.net/blog/technology-anniversary/index.html]
[www.twill.net/wp-json/oembed/1.0/embed025e.json]
[www.twill.net/wp-json/oembed/1.0/embedd76b]
[www.twill.net/wp-content/uploads/Illustration-twill-one-year-1200x800.jpg]
[www.twill.net/blog/anniversary/index.html]
[www.twill.net/wp-json/oembed/1.0/embed86cd.json]
[www.twill.net/wp-json/oembed/1.0/embed1d37]
[www.twill.net/wp-content/uploads/day-in-a-life-of-sales-team.jpg]
[www.twill.net/blog/day-sale/index.html]
[www.twill.net/wp-json/oembed/1.0/embed3684.json]
[www.twill.net/wp-json/oembed/1.0/embed133e]
[www.twill.net/wp-content/uploads/New-feature-pre-book-3-1200x600.jpg]
[www.twill.net/blog/pre-book/index.html]
[www.twill.net/wp-json/oembed/1.0/embed8ae3.json]
[www.twill.net/wp-json/oembed/1.0/embed0666]
[www.twill.net/wp-content/uploads/Benelux-rollout-Windmills-1-1200x600.jpg]
[www.twill.net/blog/benelux-expansion/index.html]
[www.twill.net/wp-json/oembed/1.0/embed9bac.json]
[www.twill.net/blog/collaborating-customers-build-better-platform/feed/index.html]
[www.twill.net/wp-json/oembed/1.0/embedcb70]
[www.twill.net/wp-content/uploads/Screen-Shot-2018-03-27-at-12.49.37.jpg]
[www.twill.net/blog/collaborating-customers-build-better-platform/index.html]
[www.twill.net/wp-json/oembed/1.0/embed6ed4.json]
[www.twill.net/wp-json/oembed/1.0/embeda976]
[www.twill.net/blog/building-trust-digital-platform-driven-real-people/index.html]
[www.twill.net/wp-json/oembed/1.0/embedc89e.json]
[www.twill.net/wp-json/oembed/1.0/embed73f5]
[www.twill.net/wp-content/uploads/US-Eastcoast-rollout-Empire-State-Building-1200x600.jpg]
[www.twill.net/blog/us-expansion/index.html]
[www.twill.net/wp-json/oembed/1.0/embed87e6.json]
[www.twill.net/wp-json/oembed/1.0/embed241c]
[www.twill.net/wp-content/uploads/Screen-Shot-2018-03-12-at-15.56.43-1200x1200.jpg]
[www.twill.net/blog/origin-process-ensuring-safe-passage-cargo/index.html]
[www.twill.net/wp-json/oembed/1.0/embed7d23.json]
[www.twill.net/wp-json/oembed/1.0/embed2d1d]
[www.twill.net/wp-content/uploads/Screen-Shot-2018-03-08-at-09.30.06-1197x1200.jpg]
[www.twill.net/blog/women-in-logistics/index.html]
[www.twill.net/wp-json/oembed/1.0/embed25fc.json]
[www.twill.net/wp-json/oembed/1.0/embed4950]
[www.twill.net/wp-content/uploads/Mexico-rollout-Bella-Artes-1200x600.jpg]
[www.twill.net/blog/mexico-digital-freight-forwarding-platform/index.html]
[www.twill.net/wp-json/oembed/1.0/embed20be.json]
[www.twill.net/wp-json/oembed/1.0/embeddd9c]
[www.twill.net/wp-content/uploads/twill-logistics-HR-3-1200x800.jpg]
[www.twill.net/blog/distruption/index.html]
[www.twill.net/wp-json/oembed/1.0/embedfe68.json]
[www.twill.net/wp-json/oembed/1.0/embed7cd1]
[www.twill.net/wp-content/uploads/Screen-Shot-2018-02-27-at-09.22.56-1200x1200.jpg]
[www.twill.net/blog/pick-right-carrier-cargo/index.html]
[www.twill.net/wp-json/oembed/1.0/embedc1d7.json]
[www.twill.net/wp-json/oembed/1.0/embedf569]
[www.twill.net/wp-content/uploads/twill-logistics-HR-21-1200x800.jpg]
[www.twill.net/blog/failure/index.html]
[www.twill.net/wp-json/oembed/1.0/embed80b8.json]
[www.twill.net/wp-json/oembed/1.0/embedf2d3]
[www.twill.net/wp-content/uploads/twill-logistics-HR-8-1200x800.jpg]
[www.twill.net/blog/day-life-customer-care-team-part-2/index.html]
[www.twill.net/wp-json/oembed/1.0/embedef31.json]
[www.twill.net/wp-json/oembed/1.0/embeda685]
[www.twill.net/wp-content/uploads/India-rollout-Taj-Mahal-1200x600.jpg]
[www.twill.net/blog/twill-continues-ambitious-global-expansion-india/index.html]
[www.twill.net/wp-json/oembed/1.0/embed62a8.json]
[www.twill.net/wp-json/oembed/1.0/embed6477]
[www.twill.net/wp-content/uploads/Twill_Customer_Care_day_life.jpg]
[www.twill.net/blog/a-day-in-the-life-of-our-customer-care-team-part-1/index.html]
[www.twill.net/wp-json/oembed/1.0/embedeb9e.json]
[www.twill.net/wp-json/oembed/1.0/embedd3a7]
[www.twill.net/wp-content/uploads/IMG_0506-1200x800.jpg]
[www.twill.net/blog/we-dont-know-its-impossible/index.html]
[www.twill.net/wp-json/oembed/1.0/embed9972.json]
[www.twill.net/wp-json/oembed/1.0/embed5c2f]
[www.twill.net/wp-content/uploads/Screen-Shot-2018-01-24-at-14.20.21-1200x1200.jpg]
[www.twill.net/blog/forecasting-shipments-why-you-need-to-do-it-and-how-you-can-do-it-better/index.html]
[www.twill.net/wp-json/oembed/1.0/embed2649.json]
[www.twill.net/wp-json/oembed/1.0/embed74d1]
[www.twill.net/wp-content/uploads/guillaume-bolduc-259596-1200x868.jpg]
[www.twill.net/blog/from-a-to-b-just-how-do-we-do-it/index.html]
[www.twill.net/wp-json/oembed/1.0/embed7bf9.json]
[www.twill.net/wp-json/oembed/1.0/embed0331]
[www.twill.net/wp-content/uploads/Product-features-Twill-2018-1200x1200.jpg]
[www.twill.net/blog/productfeatures2018/index.html]
[www.twill.net/wp-json/oembed/1.0/embeddf12.json]
[www.twill.net/wp-json/oembed/1.0/embedd96a]
[www.twill.net/wp-content/uploads/20180117_DAMSCO_Vincent_017_8574-1200x800.jpg]
[www.twill.net/blog/strategic-award/index.html]
[www.twill.net/wp-json/oembed/1.0/embed8391.json]
[www.twill.net/wp-json/oembed/1.0/embed57e2]
[www.twill.net/wp-content/uploads/Blockchain-and-Twill-1200x1200.jpg]
[www.twill.net/blog/blockchain-technology/index.html]
[www.twill.net/wp-json/oembed/1.0/embed9ec8.json]
[www.twill.net/wp-json/oembed/1.0/embed9086]
[www.twill.net/wp-content/uploads/long-cargo-truck-2196355_1280-1200x648.jpg]
[www.twill.net/blog/big-data/index.html]
[www.twill.net/wp-json/oembed/1.0/embed2f26.json]
[www.twill.net/wp-json/oembed/1.0/embed5519]
[www.twill.net/wp-content/uploads/tobias-a-muller-364991-1200x618.jpg]
[www.twill.net/blog/supplier-initiated-booking/index.html]
[www.twill.net/wp-json/oembed/1.0/embed7952.json]
[www.twill.net/wp-json/oembed/1.0/embed0ba1]
[www.twill.net/wp-content/uploads/iStock_000001868194Large-1200x800.jpg]
[www.twill.net/blog/changing-the-definition/index.html]
[www.twill.net/wp-json/oembed/1.0/embeded69.json]
[www.twill.net/wp-json/oembed/1.0/embede848]
[www.twill.net/wp-content/uploads/C9E9B63A-A0F4-4B79-BACF-FE5FB846E746-1200x1200.jpg]
[www.twill.net/blog/2017-well-crazy-year/index.html]
[www.twill.net/wp-json/oembed/1.0/embed7564.json]
[www.twill.net/wp-json/oembed/1.0/embedd658]
[www.twill.net/wp-content/uploads/Screen-Shot-2017-12-07-at-12.06.15-1197x1200.jpg]
[www.twill.net/blog/4703-2/index.html]
[www.twill.net/wp-json/oembed/1.0/embed3fd4.json]
[www.twill.net/wp-json/oembed/1.0/embedfb48]
[www.twill.net/wp-content/uploads/preparefor2018.jpg]
[www.twill.net/blog/3-things-need-prepared-2018-twill-can-help/index.html]
[www.twill.net/wp-json/oembed/1.0/embed7cc9.json]
[www.twill.net/wp-json/oembed/1.0/embed5d77]
[www.twill.net/wp-content/uploads/simplicity.jpg]
[www.twill.net/blog/the-difficulty-with-simplicity/index.html]
[www.twill.net/wp-json/oembed/1.0/embed3374.json]
[www.twill.net/wp-json/oembed/1.0/embed3ca9]
[www.twill.net/wp-content/uploads/losttrackofcontainer.jpg]
[www.twill.net/blog/lost-track-container/index.html]
[www.twill.net/wp-json/oembed/1.0/embed6a39.json]
[www.twill.net/wp-json/oembed/1.0/embed5b27]
[www.twill.net/wp-content/uploads/global-presence.jpg]
[www.twill.net/blog/local-strength-global-reach/index.html]
[www.twill.net/wp-json/oembed/1.0/embedb3f3.json]
[www.twill.net/wp-json/oembed/1.0/embed96e0]
[www.twill.net/wp-content/uploads/11120160112Damco-Leadership-Conference-2017-By-Michiel-Ton-HR1001879-1024x683.jpg]
[www.twill.net/blog/seamless-simplicity/index.html]
[www.twill.net/wp-json/oembed/1.0/embedf1ff.json]
[www.twill.net/wp-json/oembed/1.0/embedbdf1]
[www.twill.net/blog/the-winning-formula/index.html]
[www.twill.net/wp-json/oembed/1.0/embed99bb.json]
[www.twill.net/wp-json/oembed/1.0/embed0bfa]
[www.twill.net/wp-content/uploads/image-1-1024x576.jpg]
[www.twill.net/blog/agile-management/index.html]
[www.twill.net/wp-json/oembed/1.0/embed7f5b.json]
[www.twill.net/wp-json/oembed/1.0/embed1842]
[www.twill.net/wp-content/uploads/all-of-us-dancing.jpg]
[www.twill.net/blog/twill-indonesia/index.html]
[www.twill.net/wp-json/oembed/1.0/embed9992.json]
[www.twill.net/wp-json/oembed/1.0/embed69c3]
[www.twill.net/wp-content/uploads/ourlittleproductsecret.jpg]
[www.twill.net/blog/our-little-product-secret/index.html]
[www.twill.net/wp-json/oembed/1.0/embedf6e5.json]
[www.twill.net/wp-json/oembed/1.0/embed8cf1]
[www.twill.net/wp-content/uploads/newfreigtforward.jpg]
[www.twill.net/blog/twill-a-new-country/index.html]
[www.twill.net/wp-json/oembed/1.0/embed76b4.json]
[www.twill.net/wp-json/oembed/1.0/embed0e33]
[www.twill.net/wp-content/uploads/rsz_120170907_130022.jpg]
[www.twill.net/blog/building-tech-organization/index.html]
[www.twill.net/wp-json/oembed/1.0/embede4f0.json]
[www.twill.net/wp-json/oembed/1.0/embed3816]
[www.twill.net/wp-content/uploads/image.jpg]
[www.twill.net/blog/completely-twilled/index.html]
[www.twill.net/wp-json/oembed/1.0/embedb19a.json]
[www.twill.net/wp-json/oembed/1.0/embed09bc]
[www.twill.net/blog/customer-care-startup/index.html]
[www.twill.net/wp-json/oembed/1.0/embedf764.json]
[www.twill.net/wp-json/oembed/1.0/embed472e]
[www.twill.net/wp-content/uploads/multi-modal-2.jpg]
[www.twill.net/blog/twill-at-multimodal/index.html]
[www.twill.net/wp-json/oembed/1.0/embed1176.json]
[www.twill.net/wp-json/oembed/1.0/embedd1f8]
[www.twill.net/wp-content/uploads/ballons-twill.jpg]
[www.twill.net/blog/now-available-to-uk-customers/index.html]
[www.twill.net/wp-json/oembed/1.0/embedc78e.json]
[www.twill.net/wp-json/oembed/1.0/embedada8]
[www.twill.net/wp-content/uploads/IMG_0592-1024x768.jpg]
[www.twill.net/blog/every-day-is-today/index.html]
[www.twill.net/wp-json/oembed/1.0/embed3892.json]
[www.twill.net/wp-json/oembed/1.0/embeda93d]
[www.twill.net/es/carrera/index.html]
[www.twill.net/index5c90.html]
[www.twill.net/indexa1dc.html]
[www.twill.net/wp-json/oembed/1.0/embed5481.json]
[www.twill.net/wp-json/oembed/1.0/embed852f]
[www.twill.net/es/blog/incoterms/index.html]
[www.twill.net/indexd9b9.html]
[www.twill.net/wp-json/oembed/1.0/embed5080.json]
[www.twill.net/wp-json/oembed/1.0/embed8989]
[www.twill.net/es/blog/smes/index.html]
[www.twill.net/index8f77.html]
[www.twill.net/index1ec7.html]
[www.twill.net/index50df.html]
[www.twill.net/index8c08.html]
[www.twill.net/index45c8.html]
[www.twill.net/index5a16.html]
[www.twill.net/wp-json/oembed/1.0/embed4191.json]
[www.twill.net/wp-json/oembed/1.0/embedcd4e]
[www.twill.net/es/declaracion-de-cookie/index.html]
[www.twill.net/index4f61.html]
[www.twill.net/wp-json/oembed/1.0/embed2b72.json]
[www.twill.net/wp-json/oembed/1.0/embed4ba8]
[www.twill.net/es/expedicion-de-carga-digital/index.html]
[www.twill.net/indexe2dc.html]
[www.twill.net/wp-json/oembed/1.0/embedde98.json]
[www.twill.net/wp-json/oembed/1.0/embed000c]
[www.twill.net/es/shipping-container/index.html]
[www.twill.net/index8ed7.html]
[www.twill.net/this.context.doc.html]
[www.twill.net/auth/api/users/signup.html]
[www.googletagmanager.com/gtm5445.html]
[www.twill.net/es/indexfd04.html]
[www.twill.net/es/index483a.html]
[www.twill.net/es/index8995.html]
[www.twill.net/wp-json/oembed/1.0/embeda1ce.json]
[www.twill.net/wp-json/oembed/1.0/embed4df1]
[www.twill.net/es/blog/sales-person/index.html]
[www.twill.net/wp-json/oembed/1.0/embed210d]
[www.twill.net/indexbb9f.html]
[www.twill.net/indexde73.html]
[www.twill.net/index0953.html]
[www.twill.net/index71f1.html]
[www.twill.net/wp-json/oembed/1.0/embedbb63]
[www.twill.net/es/blog/twill-se-lanza-en-brasil-para-simplificar-la-logistica/index.html]
[www.twill.net/index41c8.html]
[www.twill.net/index979c.html]
[www.twill.net/index4634.html]
[www.twill.net/index1540.html]
[www.twill.net/indexf28f.html]
[www.twill.net/index6b41.html]
[www.twill.net/index6fad.html]
[www.twill.net/indexf340.html]
[www.twill.net/indexbcfc.html]
[www.twill.net/indexe644.html]
[www.twill.net/index428a.html]
[www.twill.net/index4b50.html]
[www.twill.net/index3b39.html]
[www.twill.net/indexe939.html]
[www.twill.net/index3890.html]
[www.twill.net/indexe5dd.html]
[www.twill.net/indexb506.html]
[www.twill.net/index8f5a.html]
[www.twill.net/indexc7ff.html]
[www.twill.net/indexcd29.html]
[www.twill.net/index280a.html]
[www.twill.net/indexc4a6.html]
[www.twill.net/indexe6b2.html]
[www.twill.net/indexa61c.html]
[www.twill.net/index9c8e.html]
[www.twill.net/indexa49a.html]
[www.twill.net/index7cf5.html]
[www.twill.net/index64bf.html]
[www.twill.net/index204c.html]
[www.twill.net/index5fe6.html]
[www.twill.net/indexd6c3.html]
[www.twill.net/indexf92f.html]
[www.twill.net/indexcbbe.html]
[www.twill.net/indexf693.html]
[www.twill.net/index0c04.html]
[www.twill.net/index68cd.html]
[www.twill.net/indexafe2.html]
[www.twill.net/twill-tips-managing-your-time-and-workload/index.html]
[www.twill.net/index0df4.html]
[www.twill.net/indexcd85.html]
[www.twill.net/index3837.html]
[www.twill.net/index978d.html]
[www.twill.net/indexe5c5.html]
[www.twill.net/indexf0d4.html]
[www.twill.net/index344d.html]
[www.twill.net/index8cc6.html]
[www.twill.net/index1a8a.html]
[www.twill.net/index872d.html]
[www.twill.net/indexac85.html]
[www.twill.net/indexc5ef.html]
[www.twill.net/index40bd.html]
[www.twill.net/index725b.html]
[www.twill.net/indexbaa4.html]
[www.twill.net/index7905.html]
[www.twill.net/indexa51d.html]
[www.twill.net/indexf417.html]
[www.twill.net/index3248.html]
[www.twill.net/index74cf.html]
[www.twill.net/from-a-to-b-just-how-do-we-do-it/index.html]
[www.twill.net/index33bb.html]
[www.twill.net/index8608.html]
[www.twill.net/indexcff1.html]
[www.twill.net/index72ad.html]
[www.twill.net/indexe5f7.html]
[www.twill.net/indexcc64.html]
[www.twill.net/indexa83e.html]
[www.twill.net/index79f4.html]
[www.twill.net/indexe6c6.html]
[www.twill.net/indexac86.html]
[www.twill.net/indexa221.html]
[www.twill.net/wp-content/uploads/2018/01/infographics2017-01-427x480.html]
[www.twill.net/wp-content/uploads/2018/01/Screen-Shot-2018-01-09-at-13.54.28-480x420.html]
[www.twill.net/index9b05.html]
[www.twill.net/index25e1.html]
[www.twill.net/index27bc.html]
[www.twill.net/indexebc9.html]
[www.twill.net/indexc436.html]
[www.twill.net/index5b11.html]
[www.twill.net/index2ad6.html]
[www.twill.net/indexc084.html]
[www.twill.net/wp-content/uploads/2017/11/11120160112Damco-Leadership-Conference-2017-By-Michiel-Ton-HR1001879-1024x683-480x320.html]
[www.twill.net/index7419.html]
[www.twill.net/index2848.html]
[www.twill.net/wp-content/uploads/2017/11/rsz_120170907_130022-480x270.html]
[www.twill.net/indexa667.html]
[www.twill.net/wp-content/uploads/2017/11/Logo-300x33.html]
[www.twill.net/index10bc.html]
[www.twill.net/index5bb7.html]
[www.twill.net/index475a.html]
[www.twill.net/es/index58b8.html]
[www.twill.net/es/index2a49.html]
[www.twill.net/es/index6374.html]
[www.twill.net/es/indexa9f1.html]
[www.twill.net/es/index61f9.html]
[www.twill.net/es/index9905.html]
[www.twill.net/es/index396b.html]
[www.twill.net/indexde73.html]
[www.twill.net/indexbb9f.html]
[www.twill.net/index71f1.html]
[www.twill.net/index0953.html]
[www.twill.net/es/indexccec.html]
[www.twill.net/wp-json/oembed/1.0/embed210d.json]
[www.twill.net/wp-json/oembed/1.0/embedbb63]
