[www.deltacargosrl.com/index.html]
[backblue.gif]
[fade.gif]
[index.html]
[www.deltacargosrl.com/web/content/2218-ddc7fd6/1/web.assets_common.0.css]
[www.deltacargosrl.com/web/content/2207-9d5d600/1/web.assets_frontend.0.css]
[www.deltacargosrl.com/web/content/2208-9d5d600/1/web.assets_frontend.1.css]
[www.deltacargosrl.com/web/image/website/1/favicon/index.html]
[www.deltacargosrl.com/web/content/2210-9d5d600/1/web.assets_frontend.js]
[www.deltacargosrl.com/web/content/2219-ddc7fd6/1/web.assets_common.js]
[www.deltacargosrl.com/web/image/res.company/1/logo4c70.png]
[www.deltacargosrl.com/contactocliente.html]
[www.deltacargosrl.com/web/login.html]
[www.deltacargosrl.com/_/web/image/677/DeltaCargo-408.jpg_]
[www.deltacargosrl.com/web/image/706/Marca Delta.png]
[www.deltacargosrl.com/contactus-drivers.html]
[www.deltacargosrl.com/cdn-cgi/l/email-protection.html]
[www.deltacargosrl.com/index.html]
[www.deltacargosrl.com/cdn-cgi/scripts/5c5dd728/cloudflare-static/email-decode.min.js]
[www.deltacargosrl.com/web/static/lib/jquery.ui/images/ui-icons_444444_256x240.png]
[www.deltacargosrl.com/web/static/lib/jquery.ui/images/ui-icons_777777_256x240.png]
[www.deltacargosrl.com/web/static/lib/jquery.ui/images/ui-icons_555555_256x240.png]
[www.deltacargosrl.com/web/static/lib/jquery.ui/images/ui-icons_ffffff_256x240.png]
[www.deltacargosrl.com/web/static/lib/jquery.ui/images/ui-icons_777620_256x240.png]
[www.deltacargosrl.com/web/static/lib/jquery.ui/images/ui-icons_cc0000_256x240.png]
[www.deltacargosrl.com/web/static/lib/fontawesome/fonts/fontawesome-webfont3e6e.eot]
[www.deltacargosrl.com/web/static/lib/fontawesome/fonts/fontawesome-webfontd41d.eot]
[www.deltacargosrl.com/web/static/lib/fontawesome/fonts/fontawesome-webfont3e6e.woff2]
[www.deltacargosrl.com/web/static/lib/fontawesome/fonts/fontawesome-webfont3e6e.woff]
[www.deltacargosrl.com/web/static/lib/fontawesome/fonts/fontawesome-webfont3e6e.ttf]
[www.deltacargosrl.com/web/static/lib/fontawesome/fonts/fontawesome-webfont3e6e.svg]
[www.deltacargosrl.com/web/static/lib/select2/select2.png]
[www.deltacargosrl.com/web/static/lib/select2/select2-spinner.gif]
[www.deltacargosrl.com/web/static/lib/select2/select2x2.png]
[www.deltacargosrl.com/web/static/src/fonts/lato/Lato-Hai-webfont.eot]
[www.deltacargosrl.com/web/static/src/fonts/lato/Lato-Hai-webfontd41d.eot]
[www.deltacargosrl.com/web/static/src/fonts/lato/Lato-Hai-webfont.woff]
[www.deltacargosrl.com/web/static/src/fonts/lato/Lato-Hai-webfont.ttf]
[www.deltacargosrl.com/web/static/src/fonts/lato/Lato-Hai-webfont.svg]
[www.deltacargosrl.com/web/static/src/fonts/lato/Lato-HaiIta-webfont.eot]
[www.deltacargosrl.com/web/static/src/fonts/lato/Lato-HaiIta-webfontd41d.eot]
[www.deltacargosrl.com/web/static/src/fonts/lato/Lato-HaiIta-webfont.woff]
[www.deltacargosrl.com/web/static/src/fonts/lato/Lato-HaiIta-webfont.ttf]
[www.deltacargosrl.com/web/static/src/fonts/lato/Lato-HaiIta-webfont.svg]
[www.deltacargosrl.com/web/static/src/fonts/lato/Lato-Lig-webfont.eot]
[www.deltacargosrl.com/web/static/src/fonts/lato/Lato-Lig-webfontd41d.eot]
[www.deltacargosrl.com/web/static/src/fonts/lato/Lato-Lig-webfont.woff]
[www.deltacargosrl.com/web/static/src/fonts/lato/Lato-Lig-webfont.ttf]
[www.deltacargosrl.com/web/static/src/fonts/lato/Lato-Lig-webfont.svg]
[www.deltacargosrl.com/web/static/src/fonts/lato/Lato-LigIta-webfont.eot]
[www.deltacargosrl.com/web/static/src/fonts/lato/Lato-LigIta-webfontd41d.eot]
[www.deltacargosrl.com/web/static/src/fonts/lato/Lato-LigIta-webfont.woff]
[www.deltacargosrl.com/web/static/src/fonts/lato/Lato-LigIta-webfont.ttf]
[www.deltacargosrl.com/web/static/src/fonts/lato/Lato-LigIta-webfont.svg]
[www.deltacargosrl.com/web/static/src/fonts/lato/Lato-Reg-webfont.eot]
[www.deltacargosrl.com/web/static/src/fonts/lato/Lato-Reg-webfontd41d.eot]
[www.deltacargosrl.com/web/static/src/fonts/lato/Lato-Reg-webfont.woff]
[www.deltacargosrl.com/web/static/src/fonts/lato/Lato-Reg-webfont.ttf]
[www.deltacargosrl.com/web/static/src/fonts/lato/Lato-Reg-webfont.svg]
[www.deltacargosrl.com/web/static/src/fonts/lato/Lato-RegIta-webfont.eot]
[www.deltacargosrl.com/web/static/src/fonts/lato/Lato-RegIta-webfontd41d.eot]
[www.deltacargosrl.com/web/static/src/fonts/lato/Lato-RegIta-webfont.woff]
[www.deltacargosrl.com/web/static/src/fonts/lato/Lato-RegIta-webfont.ttf]
[www.deltacargosrl.com/web/static/src/fonts/lato/Lato-RegIta-webfont.svg]
[www.deltacargosrl.com/web/static/src/fonts/lato/Lato-Bol-webfont.eot]
[www.deltacargosrl.com/web/static/src/fonts/lato/Lato-Bol-webfontd41d.eot]
[www.deltacargosrl.com/web/static/src/fonts/lato/Lato-Bol-webfont.woff]
[www.deltacargosrl.com/web/static/src/fonts/lato/Lato-Bol-webfont.ttf]
[www.deltacargosrl.com/web/static/src/fonts/lato/Lato-Bol-webfont.svg]
[www.deltacargosrl.com/web/static/src/fonts/lato/Lato-BolIta-webfont.eot]
[www.deltacargosrl.com/web/static/src/fonts/lato/Lato-BolIta-webfontd41d.eot]
[www.deltacargosrl.com/web/static/src/fonts/lato/Lato-BolIta-webfont.woff]
[www.deltacargosrl.com/web/static/src/fonts/lato/Lato-BolIta-webfont.ttf]
[www.deltacargosrl.com/web/static/src/fonts/lato/Lato-BolIta-webfont.svg]
[www.deltacargosrl.com/web/static/src/fonts/lato/Lato-Bla-webfont.eot]
[www.deltacargosrl.com/web/static/src/fonts/lato/Lato-Bla-webfontd41d.eot]
[www.deltacargosrl.com/web/static/src/fonts/lato/Lato-Bla-webfont.woff]
[www.deltacargosrl.com/web/static/src/fonts/lato/Lato-Bla-webfont.ttf]
[www.deltacargosrl.com/web/static/src/fonts/lato/Lato-Bla-webfont.svg]
[www.deltacargosrl.com/web/static/src/fonts/lato/Lato-BlaIta-webfont.eot]
[www.deltacargosrl.com/web/static/src/fonts/lato/Lato-BlaIta-webfontd41d.eot]
[www.deltacargosrl.com/web/static/src/fonts/lato/Lato-BlaIta-webfont.woff]
[www.deltacargosrl.com/web/static/src/fonts/lato/Lato-BlaIta-webfont.ttf]
[www.deltacargosrl.com/web/static/src/fonts/lato/Lato-BlaIta-webfont.svg]
[www.deltacargosrl.com/web_enterprise/static/src/img/home-menu-bg-overlay.svg]
[www.deltacargosrl.com/web/static/src/img/mimetypes/unknown.svg]
[www.deltacargosrl.com/web/static/src/img/mimetypes/image.svg]
[www.deltacargosrl.com/web/static/src/img/mimetypes/audio.svg]
[www.deltacargosrl.com/web/static/src/img/mimetypes/text.svg]
[www.deltacargosrl.com/web/static/src/img/mimetypes/binary.svg]
[www.deltacargosrl.com/web/static/src/img/mimetypes/video.svg]
[www.deltacargosrl.com/web/static/src/img/mimetypes/archive.svg]
[www.deltacargosrl.com/web/static/src/img/mimetypes/pdf.svg]
[www.deltacargosrl.com/web/static/src/img/mimetypes/document.svg]
[www.deltacargosrl.com/web/static/src/img/mimetypes/web_code.svg]
[www.deltacargosrl.com/web/static/src/img/mimetypes/web_style.svg]
[www.deltacargosrl.com/web/static/src/img/mimetypes/disk.svg]
[www.deltacargosrl.com/web/static/src/img/mimetypes/spreadsheet.svg]
[www.deltacargosrl.com/web/static/src/img/mimetypes/certificate.svg]
[www.deltacargosrl.com/web/static/src/img/mimetypes/presentation.svg]
[www.deltacargosrl.com/web/static/src/img/mimetypes/font.svg]
[www.deltacargosrl.com/web/static/src/img/mimetypes/print.svg]
[www.deltacargosrl.com/web/static/src/img/mimetypes/script.svg]
[www.deltacargosrl.com/web/static/src/img/mimetypes/javascript.svg]
[www.deltacargosrl.com/web/static/src/img/mimetypes/calendar.svg]
[www.deltacargosrl.com/web/static/src/img/mimetypes/vector.svg]
[www.deltacargosrl.com/web_editor/static/src/img/transparent.png]
[www.deltacargosrl.com/web_enterprise/static/src/fonts/Roboto/Roboto-Thin-webfont.eot]
[www.deltacargosrl.com/web_enterprise/static/src/fonts/Roboto/Roboto-Thin-webfontd41d.eot]
[www.deltacargosrl.com/web_enterprise/static/src/fonts/Roboto/Roboto-Thin-webfont.woff]
[www.deltacargosrl.com/web_enterprise/static/src/fonts/Roboto/Roboto-Thin-webfont.ttf]
[www.deltacargosrl.com/web_enterprise/static/src/fonts/Roboto/Roboto-Thin-webfont.svg]
[www.deltacargosrl.com/web_enterprise/static/src/fonts/Roboto/Roboto-ThinItalic-webfont.eot]
[www.deltacargosrl.com/web_enterprise/static/src/fonts/Roboto/Roboto-ThinItalic-webfontd41d.eot]
[www.deltacargosrl.com/web_enterprise/static/src/fonts/Roboto/Roboto-ThinItalic-webfont.woff]
[www.deltacargosrl.com/web_enterprise/static/src/fonts/Roboto/Roboto-ThinItalic-webfont.ttf]
[www.deltacargosrl.com/web_enterprise/static/src/fonts/Roboto/Roboto-ThinItalic-webfont.svg]
[www.deltacargosrl.com/web_enterprise/static/src/fonts/Roboto/Roboto-Light-webfont.eot]
[www.deltacargosrl.com/web_enterprise/static/src/fonts/Roboto/Roboto-Light-webfontd41d.eot]
[www.deltacargosrl.com/web_enterprise/static/src/fonts/Roboto/Roboto-Light-webfont.ttf]
[www.deltacargosrl.com/web_enterprise/static/src/fonts/Roboto/Roboto-Light-webfont.svg]
[www.deltacargosrl.com/web_enterprise/static/src/fonts/Roboto/Roboto-Light-webfont.woff]
[www.deltacargosrl.com/web_enterprise/static/src/fonts/Roboto/Roboto-LightItalic-webfontd41d.eot]
[www.deltacargosrl.com/web_enterprise/static/src/fonts/Roboto/Roboto-LightItalic-webfont.eot]
[www.deltacargosrl.com/web_enterprise/static/src/fonts/Roboto/Roboto-LightItalic-webfont.woff]
[www.deltacargosrl.com/web_enterprise/static/src/fonts/Roboto/Roboto-LightItalic-webfont.ttf]
[www.deltacargosrl.com/web_enterprise/static/src/fonts/Roboto/Roboto-LightItalic-webfont.svg]
[www.deltacargosrl.com/web_enterprise/static/src/fonts/Roboto/Roboto-Regular-webfont.eot]
[www.deltacargosrl.com/web_enterprise/static/src/fonts/Roboto/Roboto-Regular-webfontd41d.eot]
[www.deltacargosrl.com/web_enterprise/static/src/fonts/Roboto/Roboto-Regular-webfont.woff]
[www.deltacargosrl.com/web_enterprise/static/src/fonts/Roboto/Roboto-Regular-webfont.ttf]
[www.deltacargosrl.com/web_enterprise/static/src/fonts/Roboto/Roboto-Regular-webfont.svg]
[www.deltacargosrl.com/web_enterprise/static/src/fonts/Roboto/Roboto-RegularItalic-webfont.eot]
[www.deltacargosrl.com/web_enterprise/static/src/fonts/Roboto/Roboto-RegularItalic-webfontd41d.eot]
[www.deltacargosrl.com/web_enterprise/static/src/fonts/Roboto/Roboto-RegularItalic-webfont.woff]
[www.deltacargosrl.com/web_enterprise/static/src/fonts/Roboto/Roboto-RegularItalic-webfont.ttf]
[www.deltacargosrl.com/web_enterprise/static/src/fonts/Roboto/Roboto-RegularItalic-webfont.svg]
[www.deltacargosrl.com/web_enterprise/static/src/fonts/Roboto/Roboto-Medium-webfont.eot]
[www.deltacargosrl.com/web_enterprise/static/src/fonts/Roboto/Roboto-Medium-webfontd41d.eot]
[www.deltacargosrl.com/web_enterprise/static/src/fonts/Roboto/Roboto-Medium-webfont.woff]
[www.deltacargosrl.com/web_enterprise/static/src/fonts/Roboto/Roboto-Medium-webfont.ttf]
[www.deltacargosrl.com/web_enterprise/static/src/fonts/Roboto/Roboto-Medium-webfont.svg]
[www.deltacargosrl.com/web_enterprise/static/src/fonts/Roboto/Roboto-MediumItalic-webfont.eot]
[www.deltacargosrl.com/web_enterprise/static/src/fonts/Roboto/Roboto-MediumItalic-webfontd41d.eot]
[www.deltacargosrl.com/web_enterprise/static/src/fonts/Roboto/Roboto-MediumItalic-webfont.woff]
[www.deltacargosrl.com/web_enterprise/static/src/fonts/Roboto/Roboto-MediumItalic-webfont.ttf]
[www.deltacargosrl.com/web_enterprise/static/src/fonts/Roboto/Roboto-MediumItalic-webfont.svg]
[www.deltacargosrl.com/web_enterprise/static/src/fonts/Roboto/Roboto-Bold-webfont.eot]
[www.deltacargosrl.com/web_enterprise/static/src/fonts/Roboto/Roboto-Bold-webfontd41d.eot]
[www.deltacargosrl.com/web_enterprise/static/src/fonts/Roboto/Roboto-Bold-webfont.woff]
[www.deltacargosrl.com/web_enterprise/static/src/fonts/Roboto/Roboto-Bold-webfont.ttf]
[www.deltacargosrl.com/web_enterprise/static/src/fonts/Roboto/Roboto-Bold-webfont.svg]
[www.deltacargosrl.com/web_enterprise/static/src/fonts/Roboto/Roboto-BoldItalic-webfont.eot]
[www.deltacargosrl.com/web_enterprise/static/src/fonts/Roboto/Roboto-BoldItalic-webfontd41d.eot]
[www.deltacargosrl.com/web_enterprise/static/src/fonts/Roboto/Roboto-BoldItalic-webfont.woff]
[www.deltacargosrl.com/web_enterprise/static/src/fonts/Roboto/Roboto-BoldItalic-webfont.ttf]
[www.deltacargosrl.com/web_enterprise/static/src/fonts/Roboto/Roboto-BoldItalic-webfont.svg]
[www.deltacargosrl.com/web_enterprise/static/src/fonts/Roboto/Roboto-Black-webfont.eot]
[www.deltacargosrl.com/web_enterprise/static/src/fonts/Roboto/Roboto-Black-webfontd41d.eot]
[www.deltacargosrl.com/web_enterprise/static/src/fonts/Roboto/Roboto-Black-webfont.woff]
[www.deltacargosrl.com/web_enterprise/static/src/fonts/Roboto/Roboto-Black-webfont.ttf]
[www.deltacargosrl.com/web_enterprise/static/src/fonts/Roboto/Roboto-Black-webfont.svg]
[www.deltacargosrl.com/web_enterprise/static/src/fonts/Roboto/Roboto-BlackItalic-webfont.eot]
[www.deltacargosrl.com/web_enterprise/static/src/fonts/Roboto/Roboto-BlackItalic-webfontd41d.eot]
[www.deltacargosrl.com/web_enterprise/static/src/fonts/Roboto/Roboto-BlackItalic-webfont.woff]
[www.deltacargosrl.com/web_enterprise/static/src/fonts/Roboto/Roboto-BlackItalic-webfont.ttf]
[www.deltacargosrl.com/web/content/2218-ddc7fd6/1/web.assets_common.0.css]
[www.deltacargosrl.com/web_enterprise/static/src/fonts/Roboto/Roboto-BlackItalic-webfont.svg]
[www.deltacargosrl.com/website_payment/static/src/img/placeholder.png]
[www.deltacargosrl.com/website_payment/static/src/img/amex.png]
[www.deltacargosrl.com/website_payment/static/src/img/diners.png]
[www.deltacargosrl.com/website_payment/static/src/img/discover.png]
[www.deltacargosrl.com/website_payment/static/src/img/jcb.png]
[www.deltacargosrl.com/website_payment/static/src/img/mastercard.png]
[www.deltacargosrl.com/website_payment/static/src/img/visa.png]
[www.deltacargosrl.com/web/content/2207-9d5d600/1/web.assets_frontend.0.css]
[www.deltacargosrl.com/web/content/2208-9d5d600/1/web.assets_frontend.1.css]
[www.deltacargosrl.com/contactocliente.html]
[www.deltacargosrl.com/web/login.html]
[www.deltacargosrl.com/_/web/image/677/DeltaCargo-408.html]
[www.deltacargosrl.com/contactus-drivers.html]
[www.deltacargosrl.com/cdn-cgi/l/email-protection.html]
[www.deltacargosrl.com/web/static/lib/fontawesome/fonts/fontawesome-webfont3e6e.svg]
[www.deltacargosrl.com/web/static/src/fonts/lato/Lato-Hai-webfont.svg]
[www.deltacargosrl.com/web/static/src/fonts/lato/Lato-HaiIta-webfont.svg]
[www.deltacargosrl.com/web/static/src/fonts/lato/Lato-Lig-webfont.svg]
[www.deltacargosrl.com/web/static/src/fonts/lato/Lato-LigIta-webfont.svg]
[www.deltacargosrl.com/web/static/src/fonts/lato/Lato-Reg-webfont.svg]
[www.deltacargosrl.com/web/static/src/fonts/lato/Lato-RegIta-webfont.svg]
[www.deltacargosrl.com/web/static/src/fonts/lato/Lato-Bol-webfont.svg]
[www.deltacargosrl.com/web/static/src/fonts/lato/Lato-BolIta-webfont.svg]
[www.deltacargosrl.com/web/static/src/fonts/lato/Lato-Bla-webfont.svg]
[www.deltacargosrl.com/web/static/src/fonts/lato/Lato-BlaIta-webfont.svg]
[www.deltacargosrl.com/web_enterprise/static/src/img/home-menu-bg-overlay.svg]
[www.deltacargosrl.com/web/static/src/img/mimetypes/unknown.svg]
[www.deltacargosrl.com/web/static/src/img/mimetypes/image.svg]
[www.deltacargosrl.com/web/static/src/img/mimetypes/audio.svg]
[www.deltacargosrl.com/web/static/src/img/mimetypes/text.svg]
[www.deltacargosrl.com/web/static/src/img/mimetypes/binary.svg]
[www.deltacargosrl.com/web/static/src/img/mimetypes/video.svg]
[www.deltacargosrl.com/web/static/src/img/mimetypes/archive.svg]
[www.deltacargosrl.com/web/static/src/img/mimetypes/pdf.svg]
[www.deltacargosrl.com/web/static/src/img/mimetypes/document.svg]
[www.deltacargosrl.com/web/static/src/img/mimetypes/web_code.svg]
[www.deltacargosrl.com/web/static/src/img/mimetypes/web_style.svg]
[www.deltacargosrl.com/web/static/src/img/mimetypes/disk.svg]
[www.deltacargosrl.com/web/static/src/img/mimetypes/spreadsheet.svg]
[www.deltacargosrl.com/web/static/src/img/mimetypes/certificate.svg]
[www.deltacargosrl.com/web/static/src/img/mimetypes/presentation.svg]
[www.deltacargosrl.com/web/static/src/img/mimetypes/font.svg]
[www.deltacargosrl.com/web/static/src/img/mimetypes/print.svg]
[www.deltacargosrl.com/web/static/src/img/mimetypes/script.svg]
[www.deltacargosrl.com/web/static/src/img/mimetypes/javascript.svg]
[www.deltacargosrl.com/web/static/src/img/mimetypes/calendar.svg]
[www.deltacargosrl.com/web/static/src/img/mimetypes/vector.svg]
[www.deltacargosrl.com/web_enterprise/static/src/fonts/Roboto/Roboto-Thin-webfont.svg]
[www.deltacargosrl.com/web_enterprise/static/src/fonts/Roboto/Roboto-ThinItalic-webfont.svg]
[www.deltacargosrl.com/web_enterprise/static/src/fonts/Roboto/Roboto-Light-webfont.svg]
[www.deltacargosrl.com/web_enterprise/static/src/fonts/Roboto/Roboto-LightItalic-webfont.svg]
[www.deltacargosrl.com/web_enterprise/static/src/fonts/Roboto/Roboto-Regular-webfont.svg]
[www.deltacargosrl.com/web_enterprise/static/src/fonts/Roboto/Roboto-RegularItalic-webfont.svg]
[www.deltacargosrl.com/web_enterprise/static/src/fonts/Roboto/Roboto-Medium-webfont.svg]
[www.deltacargosrl.com/web_enterprise/static/src/fonts/Roboto/Roboto-MediumItalic-webfont.svg]
[www.deltacargosrl.com/web_enterprise/static/src/fonts/Roboto/Roboto-Bold-webfont.svg]
[www.deltacargosrl.com/web_enterprise/static/src/fonts/Roboto/Roboto-BoldItalic-webfont.svg]
[www.deltacargosrl.com/web_enterprise/static/src/fonts/Roboto/Roboto-Black-webfont.svg]
[www.deltacargosrl.com/web_enterprise/static/src/fonts/Roboto/Roboto-BlackItalic-webfont.svg]
