[backblue.gif]
[fade.gif]
[index.html]
[simpleqode-wb.bitbucket.io/wolfram/3.0.1/index_startup.html]
[simpleqode-wb.bitbucket.io/wolfram/3.0.1/assets/ico/favicon.ico]
[simpleqode-wb.bitbucket.io/wolfram/3.0.1/assets/img/6.jpg]
[simpleqode-wb.bitbucket.io/wolfram/3.0.1/assets/plugins/ionicons/css/ionicons.min.css]
[simpleqode-wb.bitbucket.io/wolfram/3.0.1/assets/img/avatar_3.png]
[simpleqode-wb.bitbucket.io/wolfram/3.0.1/assets/img/avatar_2.png]
[simpleqode-wb.bitbucket.io/wolfram/3.0.1/assets/img/avatar_1.png]
[simpleqode-wb.bitbucket.io/wolfram/3.0.1/assets/img/macbook_screenshot_1.png]
[simpleqode-wb.bitbucket.io/wolfram/3.0.1/assets/bootstrap/js/bootstrap.min.js]
[ajax.googleapis.com/ajax/libs/jquery/1.12.4/jquery.min.js]
[simpleqode-wb.bitbucket.io/wolfram/3.0.1/assets/plugins/smoothscroll/smoothscroll.min.js]
[simpleqode-wb.bitbucket.io/wolfram/3.0.1/assets/plugins/backstretch/jquery.backstretch.min.js]
[simpleqode-wb.bitbucket.io/wolfram/3.0.1/assets/plugins/contact-form/contact.js]
[simpleqode-wb.bitbucket.io/wolfram/3.0.1/assets/plugins/waypoints/jquery.waypoints.min.js]
[simpleqode-wb.bitbucket.io/wolfram/3.0.1/assets/js/theme.js]
[simpleqode-wb.bitbucket.io/wolfram/3.0.1/assets/js/custom.js]
[simpleqode-wb.bitbucket.io/wolfram/3.0.1/assets/plugins/ionicons/fonts/ionicons28b5.eot]
[simpleqode-wb.bitbucket.io/wolfram/3.0.1/assets/plugins/ionicons/fonts/ionicons28b5.ttf]
[simpleqode-wb.bitbucket.io/wolfram/3.0.1/assets/plugins/ionicons/fonts/ionicons28b5.woff]
[simpleqode-wb.bitbucket.io/wolfram/3.0.1/assets/css/theme.css]
[simpleqode-wb.bitbucket.io/wolfram/3.0.1/assets/img/spinner.svg]
[simpleqode-wb.bitbucket.io/wolfram/3.0.1/layouts.html]
[simpleqode-wb.bitbucket.io/wolfram/3.0.1/assets/plugins/ionicons/fonts/ionicons28b5.svg]
[simpleqode-wb.bitbucket.io/wolfram/3.0.1/assets/img/screenshot_default.png]
[simpleqode-wb.bitbucket.io/wolfram/3.0.1/assets/img/1.jpg]
[simpleqode-wb.bitbucket.io/wolfram/3.0.1/assets/fonts/glyphicons-halflings-regular.eot]
[simpleqode-wb.bitbucket.io/wolfram/3.0.1/assets/fonts/glyphicons-halflings-regulard41d.eot]
[simpleqode-wb.bitbucket.io/wolfram/3.0.1/assets/fonts/glyphicons-halflings-regular.woff2]
[simpleqode-wb.bitbucket.io/wolfram/3.0.1/assets/img/screenshot_company.png]
[simpleqode-wb.bitbucket.io/wolfram/3.0.1/assets/fonts/glyphicons-halflings-regular.woff]
[simpleqode-wb.bitbucket.io/wolfram/3.0.1/assets/img/screenshot_startup.png]
[simpleqode-wb.bitbucket.io/wolfram/3.0.1/assets/fonts/glyphicons-halflings-regular.ttf]
[simpleqode-wb.bitbucket.io/wolfram/3.0.1/assets/img/screenshot_app.png]
[simpleqode-wb.bitbucket.io/wolfram/3.0.1/assets/fonts/glyphicons-halflings-regular.svg]
[simpleqode-wb.bitbucket.io/wolfram/3.0.1/index.html]
[simpleqode-wb.bitbucket.io/wolfram/3.0.1/assets/img/screenshot_personal.png]
[simpleqode-wb.bitbucket.io/wolfram/3.0.1/index_company.html]
[simpleqode-wb.bitbucket.io/wolfram/3.0.1/assets/img/2.jpg]
[simpleqode-wb.bitbucket.io/wolfram/3.0.1/assets/img/3.jpg]
[simpleqode-wb.bitbucket.io/wolfram/3.0.1/assets/img/4.jpg]
[simpleqode-wb.bitbucket.io/wolfram/3.0.1/index_app.html]
[simpleqode-wb.bitbucket.io/wolfram/3.0.1/assets/img/5.jpg]
[simpleqode-wb.bitbucket.io/wolfram/3.0.1/index_personal.html]
[simpleqode-wb.bitbucket.io/wolfram/3.0.1/assets/img/user_2.jpg]
[simpleqode-wb.bitbucket.io/wolfram/3.0.1/assets/img/user_1.jpg]
[simpleqode-wb.bitbucket.io/wolfram/3.0.1/assets/img/7.jpg]
[simpleqode-wb.bitbucket.io/wolfram/3.0.1/assets/img/user_3.jpg]
[simpleqode-wb.bitbucket.io/wolfram/3.0.1/assets/plugins/countTo/jquery.countTo.js]
[simpleqode-wb.bitbucket.io/wolfram/3.0.1/index_fading.html]
[simpleqode-wb.bitbucket.io/wolfram/3.0.1/assets/img/iphone_device_2.png]
[simpleqode-wb.bitbucket.io/wolfram/3.0.1/assets/img/iphone_device_1.png]
[simpleqode-wb.bitbucket.io/wolfram/3.0.1/assets/plugins/owl-carousel/assets/owl.carousel.min.css]
[simpleqode-wb.bitbucket.io/wolfram/3.0.1/assets/img/iphone_device_3.png]
[simpleqode-wb.bitbucket.io/wolfram/3.0.1/assets/img/iphone_screenshot_1.png]
[simpleqode-wb.bitbucket.io/wolfram/3.0.1/assets/plugins/owl-carousel/assets/owl.theme.default.min.css]
[simpleqode-wb.bitbucket.io/wolfram/3.0.1/assets/img/iphone_screenshot_4.png]
[simpleqode-wb.bitbucket.io/wolfram/3.0.1/assets/img/iphone_screenshot_2.png]
[simpleqode-wb.bitbucket.io/wolfram/3.0.1/assets/img/iphone_screenshot_3.png]
[simpleqode-wb.bitbucket.io/wolfram/3.0.1/assets/plugins/owl-carousel/owl.carousel.min.js]
[simpleqode-wb.bitbucket.io/wolfram/3.0.1/assets/img/app-store-badge.svg]
[simpleqode-wb.bitbucket.io/wolfram/3.0.1/assets/img/google-play-badge.svg]
[simpleqode-wb.bitbucket.io/wolfram/3.0.1/assets/plugins/fullpage/jquery.fullpage.min.css]
[simpleqode-wb.bitbucket.io/wolfram/3.0.1/assets/plugins/fullpage/vendors/scrolloverflow.min.js]
[simpleqode-wb.bitbucket.io/wolfram/3.0.1/assets/plugins/fullpage/jquery.fullpage.min.js]
[simpleqode-wb.bitbucket.io/wolfram/3.0.1/assets/plugins/owl-carousel/assets/owl.video.play.png]
